#
# This file is autogenerated by pip-compile with Python 3.12
# by the following command:
#
#    pip-compile --output-file=temp-reqs.out temp-reqs.txt
#
aiohappyeyeballs==2.6.1
    # via aiohttp
aiohttp==3.13.5
    # via
    #   -r temp-reqs.txt
    #   metaapi-cloud-sdk
    #   python-socketio
aiosignal==1.4.0
    # via aiohttp
anyio==4.13.0
    # via httpx
attrs==26.1.0
    # via aiohttp
beautifulsoup4==4.14.3
    # via yfinance
certifi==2026.4.22
    # via
    #   curl-cffi
    #   httpcore
    #   httpx
    #   requests
cffi==2.0.0
    # via curl-cffi
charset-normalizer==3.4.7
    # via requests
curl-cffi==0.15.0
    # via yfinance
frozendict==2.4.7
    # via yfinance
frozenlist==1.8.0
    # via
    #   aiohttp
    #   aiosignal
h11==0.16.0
    # via httpcore
httpcore==1.0.9
    # via httpx
httpx==0.28.1
    # via
    #   -r temp-reqs.txt
    #   metaapi-cloud-copyfactory-sdk
    #   metaapi-cloud-metastats-sdk
    #   metaapi-cloud-sdk
idna==3.13
    # via
    #   anyio
    #   httpx
    #   requests
    #   yarl
iniconfig==2.3.0
    # via pytest
iso8601==2.1.0
    # via
    #   metaapi-cloud-copyfactory-sdk
    #   metaapi-cloud-metastats-sdk
    #   metaapi-cloud-sdk
markdown-it-py==4.0.0
    # via rich
mdurl==0.1.2
    # via markdown-it-py
metaapi-cloud-copyfactory-sdk==12.0.0
    # via metaapi-cloud-sdk
metaapi-cloud-metastats-sdk==6.0.0
    # via metaapi-cloud-sdk
metaapi-cloud-sdk==29.1.1
    # via -r temp-reqs.txt
multidict==6.7.1
    # via
    #   aiohttp
    #   yarl
multitasking==0.0.13
    # via yfinance
numpy==2.4.4
    # via
    #   pandas
    #   yfinance
packaging==26.2
    # via pytest
pandas==3.0.2
    # via yfinance
peewee==4.0.5
    # via yfinance
platformdirs==4.9.6
    # via yfinance
pluggy==1.6.0
    # via pytest
propcache==0.4.1
    # via
    #   aiohttp
    #   yarl
protobuf==7.34.1
    # via yfinance
psutil==7.2.2
    # via metaapi-cloud-sdk
pycparser==3.0
    # via cffi
pygments==2.20.0
    # via
    #   pytest
    #   rich
pytest==9.0.3
    # via
    #   -r temp-reqs.txt
    #   pytest-asyncio
pytest-asyncio==1.3.0
    # via -r temp-reqs.txt
python-dateutil==2.9.0.post0
    # via pandas
python-engineio==3.14.2
    # via
    #   metaapi-cloud-sdk
    #   python-socketio
python-socketio[asyncio-client]==4.6.1
    # via metaapi-cloud-sdk
pytz==2026.1.post1
    # via
    #   metaapi-cloud-copyfactory-sdk
    #   metaapi-cloud-metastats-sdk
    #   metaapi-cloud-sdk
    #   yfinance
rapidfuzz==3.14.5
    # via metaapi-cloud-sdk
requests==2.33.1
    # via
    #   metaapi-cloud-sdk
    #   yfinance
rich==15.0.0
    # via curl-cffi
six==1.17.0
    # via
    #   python-dateutil
    #   python-engineio
    #   python-socketio
soupsieve==2.8.3
    # via beautifulsoup4
typing-extensions==4.15.0
    # via
    #   aiosignal
    #   anyio
    #   beautifulsoup4
    #   metaapi-cloud-copyfactory-sdk
    #   metaapi-cloud-metastats-sdk
    #   metaapi-cloud-sdk
    #   pytest-asyncio
urllib3==2.6.3
    # via requests
websockets==16.0
    # via
    #   python-socketio
    #   yfinance
yarl==1.23.0
    # via aiohttp
yfinance==1.3.0
    # via -r temp-reqs.txt
