#
# This file is autogenerated by pip-compile with Python 3.12
# by the following command:
#
#    pip-compile --output-file=temp_req.out temp_req.txt
#
--extra-index-url https://download.pytorch.org/whl/cpu

cloudpickle==3.1.2
    # via
    #   gymnasium
    #   stable-baselines3
contourpy==1.3.3
    # via matplotlib
cycler==0.12.1
    # via matplotlib
farama-notifications==0.0.6
    # via gymnasium
filelock==3.29.0
    # via torch
fonttools==4.62.1
    # via matplotlib
fsspec==2026.4.0
    # via torch
gymnasium==0.29.1
    # via stable-baselines3
jinja2==3.1.6
    # via torch
kiwisolver==1.5.0
    # via matplotlib
markupsafe==3.0.3
    # via jinja2
matplotlib==3.10.9
    # via stable-baselines3
mpmath==1.3.0
    # via sympy
networkx==3.6.1
    # via torch
numpy==2.4.4
    # via
    #   contourpy
    #   gymnasium
    #   matplotlib
    #   pandas
    #   stable-baselines3
    #   torchvision
packaging==26.2
    # via matplotlib
pandas==3.0.2
    # via stable-baselines3
pillow==12.2.0
    # via
    #   matplotlib
    #   torchvision
pyparsing==3.3.2
    # via matplotlib
python-dateutil==2.9.0.post0
    # via
    #   matplotlib
    #   pandas
six==1.17.0
    # via python-dateutil
stable-baselines3==2.3.2
    # via -r temp_req.txt
sympy==1.14.0
    # via torch
torch==2.7.1+cpu
    # via
    #   -r temp_req.txt
    #   stable-baselines3
    #   torchvision
torchvision==0.22.1+cpu
    # via -r temp_req.txt
typing-extensions==4.15.0
    # via
    #   gymnasium
    #   torch

# The following packages are considered to be unsafe in a requirements file:
# setuptools
